Copyright 1986-2014 Xilinx, Inc. All Rights Reserved.
-------------------------------------------------------------------------------------------------------------------
| Tool Version : Vivado v.2014.4 (win64) Build 1071353 Tue Nov 18 18:24:04 MST 2014
| Date         : Tue Jul 28 09:54:47 2015
| Host         : SDPC117 running 64-bit Service Pack 1  (build 7601)
| Command      : report_utilization -file pcie_module_utilization_placed.rpt -pb pcie_module_utilization_placed.pb
| Design       : pcie_module
| Device       : xc7a200t
| Design State : Fully Placed
-------------------------------------------------------------------------------------------------------------------

Utilization Design Information

Table of Contents
-----------------
1. Slice Logic
1.1 Summary of Registers by Type
2. Slice Logic Distribution
3. Memory
4. DSP
5. IO and GT Specific
6. Clocking
7. Specific Feature
8. Primitives
9. Black Boxes
10. Instantiated Netlists

1. Slice Logic
--------------

+----------------------------+-------+-------+-----------+-------+
|          Site Type         |  Used | Fixed | Available | Util% |
+----------------------------+-------+-------+-----------+-------+
| Slice LUTs                 | 21817 |     0 |    133800 | 16.30 |
|   LUT as Logic             | 20817 |     0 |    133800 | 15.55 |
|   LUT as Memory            |  1000 |     0 |     46200 |  2.16 |
|     LUT as Distributed RAM |   924 |     0 |           |       |
|     LUT as Shift Register  |    76 |     0 |           |       |
| Slice Registers            | 23495 |     0 |    267600 |  8.77 |
|   Register as Flip Flop    | 23495 |     0 |    267600 |  8.77 |
|   Register as Latch        |     0 |     0 |    267600 |  0.00 |
| F7 Muxes                   |  1500 |     0 |     66900 |  2.24 |
| F8 Muxes                   |   431 |     0 |     33450 |  1.28 |
+----------------------------+-------+-------+-----------+-------+


1.1 Summary of Registers by Type
--------------------------------

+-------+--------------+-------------+--------------+
| Total | Clock Enable | Synchronous | Asynchronous |
+-------+--------------+-------------+--------------+
| 0     |            _ |           - |            - |
| 0     |            _ |           - |          Set |
| 0     |            _ |           - |        Reset |
| 0     |            _ |         Set |            - |
| 0     |            _ |       Reset |            - |
| 0     |          Yes |           - |            - |
| 429   |          Yes |           - |          Set |
| 4375  |          Yes |           - |        Reset |
| 587   |          Yes |         Set |            - |
| 18104 |          Yes |       Reset |            - |
+-------+--------------+-------------+--------------+


2. Slice Logic Distribution
---------------------------

+-------------------------------------------------------------+------------+-------+-----------+-------+
|                          Site Type                          |    Used    | Fixed | Available | Util% |
+-------------------------------------------------------------+------------+-------+-----------+-------+
| Slice                                                       |       8280 |     0 |     33450 | 24.75 |
|   SLICEL                                                    |       5427 |     0 |           |       |
|   SLICEM                                                    |       2853 |     0 |           |       |
| LUT as Logic                                                |      20817 |     0 |    133800 | 15.55 |
|   using O5 output only                                      |          1 |       |           |       |
|   using O6 output only                                      |      17806 |       |           |       |
|   using O5 and O6                                           |       3010 |       |           |       |
| LUT as Memory                                               |       1000 |     0 |     46200 |  2.16 |
|   LUT as Distributed RAM                                    |        924 |     0 |           |       |
|     using O5 output only                                    |          0 |       |           |       |
|     using O6 output only                                    |          0 |       |           |       |
|     using O5 and O6                                         |        924 |       |           |       |
|   LUT as Shift Register                                     |         76 |     0 |           |       |
|     using O5 output only                                    |         17 |       |           |       |
|     using O6 output only                                    |         11 |       |           |       |
|     using O5 and O6                                         |         48 |       |           |       |
| LUT Flip Flop Pairs                                         |      27192 |     0 |    133800 | 20.32 |
|   fully used LUT-FF pairs                                   |      13278 |       |           |       |
|   LUT-FF pairs with unused LUT                              |       5393 |       |           |       |
|   LUT-FF pairs with unused Flip Flop                        |       8521 |       |           |       |
| Unique Control Sets                                         |        705 |       |           |       |
| Minimum number of registers lost to control set restriction | 2457(Lost) |       |           |       |
+-------------------------------------------------------------+------------+-------+-----------+-------+


3. Memory
---------

+-------------------+------+-------+-----------+-------+
|     Site Type     | Used | Fixed | Available | Util% |
+-------------------+------+-------+-----------+-------+
| Block RAM Tile    | 17.5 |     0 |       365 |  4.79 |
|   RAMB36/FIFO*    |   17 |     0 |       365 |  4.65 |
|     FIFO36E1 only |    7 |       |           |       |
|     RAMB36E1 only |   10 |       |           |       |
|   RAMB18          |    1 |     0 |       730 |  0.13 |
|     RAMB18E1 only |    1 |       |           |       |
+-------------------+------+-------+-----------+-------+
* Note: Each Block RAM Tile only has one FIFO logic available and therefore can accommodate only one FIFO36E1 or one FIFO18E1. However, if a FIFO18E1 occupies a Block RAM Tile, that tile can still accommodate a RAMB18E1


4. DSP
------

+-----------+------+-------+-----------+-------+
| Site Type | Used | Fixed | Available | Util% |
+-----------+------+-------+-----------+-------+
| DSPs      |    0 |     0 |       740 |  0.00 |
+-----------+------+-------+-----------+-------+


5. IO and GT Specific
---------------------

+-----------------------------+------+-------+-----------+-------+
|          Site Type          | Used | Fixed | Available | Util% |
+-----------------------------+------+-------+-----------+-------+
| Bonded IOB                  |   73 |    73 |       500 | 14.60 |
|   IOB Master Pads           |   37 |       |           |       |
|   IOB Slave Pads            |   35 |       |           |       |
| Bonded IPADs                |   10 |    10 |        50 | 20.00 |
| Bonded OPADs                |    8 |     8 |        32 | 25.00 |
| PHY_CONTROL                 |    2 |     2 |        10 | 20.00 |
| PHASER_REF                  |    2 |     2 |        10 | 20.00 |
| OUT_FIFO                    |    7 |     7 |        40 | 17.50 |
| IN_FIFO                     |    4 |     4 |        40 | 10.00 |
| IDELAYCTRL                  |    1 |     0 |        10 | 10.00 |
| IBUFGDS                     |    0 |     0 |       480 |  0.00 |
| PHASER_OUT/PHASER_OUT_PHY   |    7 |     7 |        40 | 17.50 |
|   PHASER_OUT_PHY only       |    7 |     7 |           |       |
| PHASER_IN/PHASER_IN_PHY     |    4 |     4 |        40 | 10.00 |
|   PHASER_IN_PHY only        |    4 |     4 |           |       |
| IDELAYE2/IDELAYE2_FINEDELAY |   32 |    32 |       500 |  6.40 |
|   IDELAYE2 only             |   32 |    32 |           |       |
| IBUFDS_GTE2                 |    1 |     1 |         8 | 12.50 |
| ILOGIC                      |   36 |    36 |       500 |  7.20 |
|   IFF_IDDR_Register         |    4 |     4 |           |       |
|   ISERDES                   |   32 |    32 |           |       |
| OLOGIC                      |   70 |    70 |       500 | 14.00 |
|   OUTFF_ODDR_Register       |    5 |     5 |           |       |
|   TFF_ODDR_Register         |    4 |     4 |           |       |
|   OSERDES                   |   65 |    65 |           |       |
+-----------------------------+------+-------+-----------+-------+


6. Clocking
-----------

+------------+------+-------+-----------+-------+
|  Site Type | Used | Fixed | Available | Util% |
+------------+------+-------+-----------+-------+
| BUFGCTRL   |   12 |     0 |        32 | 37.50 |
| BUFIO      |    0 |     0 |        40 |  0.00 |
| MMCME2_ADV |    3 |     1 |        10 | 30.00 |
| PLLE2_ADV  |    1 |     1 |        10 | 10.00 |
| BUFMRCE    |    0 |     0 |        20 |  0.00 |
| BUFHCE     |    2 |     0 |       120 |  1.66 |
| BUFR       |    0 |     0 |        40 |  0.00 |
+------------+------+-------+-----------+-------+


7. Specific Feature
-------------------

+-------------+------+-------+-----------+--------+
|  Site Type  | Used | Fixed | Available |  Util% |
+-------------+------+-------+-----------+--------+
| BSCANE2     |    0 |     0 |         4 |   0.00 |
| CAPTUREE2   |    0 |     0 |         1 |   0.00 |
| DNA_PORT    |    0 |     0 |         1 |   0.00 |
| EFUSE_USR   |    0 |     0 |         1 |   0.00 |
| FRAME_ECCE2 |    0 |     0 |         1 |   0.00 |
| ICAPE2      |    0 |     0 |         2 |   0.00 |
| PCIE_2_1    |    1 |     1 |         1 | 100.00 |
| STARTUPE2   |    0 |     0 |         1 |   0.00 |
| XADC        |    1 |     0 |         1 | 100.00 |
+-------------+------+-------+-----------+--------+


8. Primitives
-------------

+--------------------------+-------+----------------------+
|         Ref Name         |  Used |  Functional Category |
+--------------------------+-------+----------------------+
| FDRE                     | 18104 |         Flop & Latch |
| LUT6                     |  9538 |                  LUT |
| FDCE                     |  4375 |         Flop & Latch |
| LUT5                     |  4029 |                  LUT |
| LUT3                     |  3127 |                  LUT |
| LUT4                     |  2896 |                  LUT |
| LUT2                     |  2783 |                  LUT |
| MUXF7                    |  1500 |                MuxFx |
| LUT1                     |  1454 |                  LUT |
| RAMD32                   |  1386 |   Distributed Memory |
| CARRY4                   |   592 |           CarryLogic |
| FDSE                     |   587 |         Flop & Latch |
| RAMS32                   |   462 |   Distributed Memory |
| MUXF8                    |   431 |                MuxFx |
| FDPE                     |   429 |         Flop & Latch |
| SRL16E                   |   124 |   Distributed Memory |
| OSERDESE2                |    65 |                   IO |
| OBUFT                    |    36 |                   IO |
| OBUF                     |    34 |                   IO |
| ISERDESE2                |    32 |                   IO |
| IDELAYE2                 |    32 |                   IO |
| IBUF_INTERMDISABLE       |    32 |                   IO |
| IBUF                     |    11 |                   IO |
| BUFG                     |    11 |                Clock |
| RAMB36E1                 |    10 |         Block Memory |
| ODDR                     |     9 |                   IO |
| OBUFTDS                  |     8 |                   IO |
| IBUFDS_INTERMDISABLE_INT |     8 |                   IO |
| PHASER_OUT_PHY           |     7 |                   IO |
| OUT_FIFO                 |     7 |                   IO |
| FIFO36E1                 |     7 |         Block Memory |
| INV                      |     5 |                  LUT |
| PHASER_IN_PHY            |     4 |                   IO |
| IN_FIFO                  |     4 |                   IO |
| IDDR                     |     4 |                   IO |
| GTPE2_CHANNEL            |     4 |                   IO |
| MMCME2_ADV               |     3 |                Clock |
| PHY_CONTROL              |     2 |                   IO |
| PHASER_REF               |     2 |                   IO |
| OBUFDS                   |     2 |                   IO |
| BUFH                     |     2 |                Clock |
| XADC                     |     1 |               Others |
| RAMB18E1                 |     1 |         Block Memory |
| PLLE2_ADV                |     1 |                Clock |
| PCIE_2_1                 |     1 | Specialized Resource |
| IDELAYCTRL               |     1 |                   IO |
| IBUFDS_GTE2              |     1 |                   IO |
| GTPE2_COMMON             |     1 |                   IO |
| BUFGCTRL                 |     1 |                Clock |
+--------------------------+-------+----------------------+


9. Black Boxes
--------------

+----------+------+
| Ref Name | Used |
+----------+------+


10. Instantiated Netlists
-------------------------

+------------+------+
|  Ref Name  | Used |
+------------+------+
| clock_unit |    1 |
+------------+------+


